 obs_sequence
obs_type_definitions
           0
  num_copies:            2  num_qc:            1
  num_obs:          300  max_num_obs:          300
observations                                                    
truth                                                           
Quality Control                                                 
  first:            1  last:          300
 OBS            1
  -5.2050066119893614     
  -5.5837856357004796     
   0.0000000000000000     
          -1           2          -1
obdef
loc1d
   0.0000000000000000
kind
          -1
     0          0
   8.0000000000000000     
 OBS            2
  0.17246827547169657     
  0.35659085208071700     
   0.0000000000000000     
           1           3          -1
obdef
loc1d
   0.3333333333333333
kind
          -2
     0          0
   8.0000000000000000     
 OBS            3
   30.603407239151117     
   30.852594474164199     
   0.0000000000000000     
           2           4          -1
obdef
loc1d
   0.6666666666666666
kind
          -3
     0          0
   8.0000000000000000     
 OBS            4
  -2.3713834334591164     
  -2.8228167858265847     
   0.0000000000000000     
           3           5          -1
obdef
loc1d
   0.0000000000000000
kind
          -1
 21600          0
   8.0000000000000000     
 OBS            5
   2.0040489020387522     
  0.50067217519013230     
   0.0000000000000000     
           4           6          -1
obdef
loc1d
   0.3333333333333333
kind
          -2
 21600          0
   8.0000000000000000     
 OBS            6
   24.157595328358674     
   26.172540044241046     
   0.0000000000000000     
           5           7          -1
obdef
loc1d
   0.6666666666666666
kind
          -3
 21600          0
   8.0000000000000000     
 OBS            7
  -2.4653404942847752     
  -1.4335713136705235     
   0.0000000000000000     
           6           8          -1
obdef
loc1d
   0.0000000000000000
kind
          -1
 43200          0
   8.0000000000000000     
 OBS            8
 -0.41516791952846549     
   4.4219752191253937E-002
   0.0000000000000000     
           7           9          -1
obdef
loc1d
   0.3333333333333333
kind
          -2
 43200          0
   8.0000000000000000     
 OBS            9
   20.130715275034287     
   22.269053923085181     
   0.0000000000000000     
           8          10          -1
obdef
loc1d
   0.6666666666666666
kind
          -3
 43200          0
   8.0000000000000000     
 OBS           10
   3.4048580789010909     
 -0.88692413338441423     
   0.0000000000000000     
           9          11          -1
obdef
loc1d
   0.0000000000000000
kind
          -1
 64800          0
   8.0000000000000000     
 OBS           11
 -0.53220971979153642     
 -0.42730426167331198     
   0.0000000000000000     
          10          12          -1
obdef
loc1d
   0.3333333333333333
kind
          -2
 64800          0
   8.0000000000000000     
 OBS           12
   23.637087381179548     
   18.987887777985449     
   0.0000000000000000     
          11          13          -1
obdef
loc1d
   0.6666666666666666
kind
          -3
 64800          0
   8.0000000000000000     
 OBS           13
   3.1155405892752177     
 -0.79408154158006139     
   0.0000000000000000     
          12          14          -1
obdef
loc1d
   0.0000000000000000
kind
          -1
     0          1
   8.0000000000000000     
 OBS           14
   2.2046057116735627     
 -0.89475420129298922     
   0.0000000000000000     
          13          15          -1
obdef
loc1d
   0.3333333333333333
kind
          -2
     0          1
   8.0000000000000000     
 OBS           15
   14.080235306462198     
   16.210289874230895     
   0.0000000000000000     
          14          16          -1
obdef
loc1d
   0.6666666666666666
kind
          -3
     0          1
   8.0000000000000000     
 OBS           16
  -1.0444144838972813     
 -0.98126654893242904     
   0.0000000000000000     
          15          17          -1
obdef
loc1d
   0.0000000000000000
kind
          -1
 21600          1
   8.0000000000000000     
 OBS           17
  -4.3715492954682809     
  -1.5014586856045575     
   0.0000000000000000     
          16          18          -1
obdef
loc1d
   0.3333333333333333
kind
          -2
 21600          1
   8.0000000000000000     
 OBS           18
   14.325882820273732     
   13.871428177006933     
   0.0000000000000000     
          17          19          -1
obdef
loc1d
   0.6666666666666666
kind
          -3
 21600          1
   8.0000000000000000     
 OBS           19
  -2.8172857446522590     
  -1.4354718431253266     
   0.0000000000000000     
          18          20          -1
obdef
loc1d
   0.0000000000000000
kind
          -1
 43200          1
   8.0000000000000000     
 OBS           20
  -2.7808834044642383     
  -2.4623527314390667     
   0.0000000000000000     
          19          21          -1
obdef
loc1d
   0.3333333333333333
kind
          -2
 43200          1
   8.0000000000000000     
 OBS           21
   9.2865537315669684     
   11.951409424851306     
   0.0000000000000000     
          20          22          -1
obdef
loc1d
   0.6666666666666666
kind
          -3
 43200          1
   8.0000000000000000     
 OBS           22
  -3.2652626884858811     
  -2.2713211364524235     
   0.0000000000000000     
          21          23          -1
obdef
loc1d
   0.0000000000000000
kind
          -1
 64800          1
   8.0000000000000000     
 OBS           23
 -0.61700970920048448     
  -4.1038663182663742     
   0.0000000000000000     
          22          24          -1
obdef
loc1d
   0.3333333333333333
kind
          -2
 64800          1
   8.0000000000000000     
 OBS           24
   9.0766407265248397     
   10.517328753022309     
   0.0000000000000000     
          23          25          -1
obdef
loc1d
   0.6666666666666666
kind
          -3
 64800          1
   8.0000000000000000     
 OBS           25
  -1.2283098889765585     
  -3.7428353523235636     
   0.0000000000000000     
          24          26          -1
obdef
loc1d
   0.0000000000000000
kind
          -1
     0          2
   8.0000000000000000     
 OBS           26
  -9.9640692991176980     
  -6.9386405414542978     
   0.0000000000000000     
          25          27          -1
obdef
loc1d
   0.3333333333333333
kind
          -2
     0          2
   8.0000000000000000     
 OBS           27
   11.354341844422326     
   9.8722580228542185     
   0.0000000000000000     
          26          28          -1
obdef
loc1d
   0.6666666666666666
kind
          -3
     0          2
   8.0000000000000000     
 OBS           28
  -2.2635867577518236     
  -6.2624034735699254     
   0.0000000000000000     
          27          29          -1
obdef
loc1d
   0.0000000000000000
kind
          -1
 21600          2
   8.0000000000000000     
 OBS           29
  -18.000196629871802     
  -11.603200678961318     
   0.0000000000000000     
          28          30          -1
obdef
loc1d
   0.3333333333333333
kind
          -2
 21600          2
   8.0000000000000000     
 OBS           30
   12.819568663999968     
   10.969282145230917     
   0.0000000000000000     
          29          31          -1
obdef
loc1d
   0.6666666666666666
kind
          -3
 21600          2
   8.0000000000000000     
 OBS           31
  -9.0825826209110030     
  -10.211117287063701     
   0.0000000000000000     
          30          32          -1
obdef
loc1d
   0.0000000000000000
kind
          -1
 43200          2
   8.0000000000000000     
 OBS           32
  -18.455024526362873     
  -17.886447090129963     
   0.0000000000000000     
          31          33          -1
obdef
loc1d
   0.3333333333333333
kind
          -2
 43200          2
   8.0000000000000000     
 OBS           33
   18.042425072293451     
   16.161062007481483     
   0.0000000000000000     
          32          34          -1
obdef
loc1d
   0.6666666666666666
kind
          -3
 43200          2
   8.0000000000000000     
 OBS           34
  -15.832170038337836     
  -14.807131667261901     
   0.0000000000000000     
          33          35          -1
obdef
loc1d
   0.0000000000000000
kind
          -1
 64800          2
   8.0000000000000000     
 OBS           35
  -24.951618626579339     
  -21.247377304883294     
   0.0000000000000000     
          34          36          -1
obdef
loc1d
   0.3333333333333333
kind
          -2
 64800          2
   8.0000000000000000     
 OBS           36
   28.920481551113788     
   28.050769586624490     
   0.0000000000000000     
          35          37          -1
obdef
loc1d
   0.6666666666666666
kind
          -3
 64800          2
   8.0000000000000000     
 OBS           37
  -14.318638543724703     
  -16.253455182422712     
   0.0000000000000000     
          36          38          -1
obdef
loc1d
   0.0000000000000000
kind
          -1
     0          3
   8.0000000000000000     
 OBS           38
  -14.313435125582956     
  -13.512182892472266     
   0.0000000000000000     
          37          39          -1
obdef
loc1d
   0.3333333333333333
kind
          -2
     0          3
   8.0000000000000000     
 OBS           39
   43.197782544224054     
   40.154595836998936     
   0.0000000000000000     
          38          40          -1
obdef
loc1d
   0.6666666666666666
kind
          -3
     0          3
   8.0000000000000000     
 OBS           40
  -13.934026446152732     
  -11.875292779487630     
   0.0000000000000000     
          39          41          -1
obdef
loc1d
   0.0000000000000000
kind
          -1
 21600          3
   8.0000000000000000     
 OBS           41
   4.8980009432229679     
  -1.5987929464888202     
   0.0000000000000000     
          40          42          -1
obdef
loc1d
   0.3333333333333333
kind
          -2
 21600          3
   8.0000000000000000     
 OBS           42
   40.700824867945656     
   40.079944204327845     
   0.0000000000000000     
          41          43          -1
obdef
loc1d
   0.6666666666666666
kind
          -3
 21600          3
   8.0000000000000000     
 OBS           43
  -4.2632081565171109     
  -5.7693863216343493     
   0.0000000000000000     
          42          44          -1
obdef
loc1d
   0.0000000000000000
kind
          -1
 43200          3
   8.0000000000000000     
 OBS           44
   1.3512419463852281     
   3.2128949013832395     
   0.0000000000000000     
          43          45          -1
obdef
loc1d
   0.3333333333333333
kind
          -2
 43200          3
   8.0000000000000000     
 OBS           45
   40.084210921662084     
   33.578455670597080     
   0.0000000000000000     
          44          46          -1
obdef
loc1d
   0.6666666666666666
kind
          -3
 43200          3
   8.0000000000000000     
 OBS           46
  -2.0120752544879257     
  -1.5362600482434532     
   0.0000000000000000     
          45          47          -1
obdef
loc1d
   0.0000000000000000
kind
          -1
 64800          3
   8.0000000000000000     
 OBS           47
   3.7343857548458952     
   3.6635542740368425     
   0.0000000000000000     
          46          48          -1
obdef
loc1d
   0.3333333333333333
kind
          -2
 64800          3
   8.0000000000000000     
 OBS           48
   21.580502781625732     
   27.943794628623799     
   0.0000000000000000     
          47          49          -1
obdef
loc1d
   0.6666666666666666
kind
          -3
 64800          3
   8.0000000000000000     
 OBS           49
   3.2608490310313689     
  0.74788043634357471     
   0.0000000000000000     
          48          50          -1
obdef
loc1d
   0.0000000000000000
kind
          -1
     0          4
   8.0000000000000000     
 OBS           50
   4.7169442765808469     
   3.4657803549005690     
   0.0000000000000000     
          49          51          -1
obdef
loc1d
   0.3333333333333333
kind
          -2
     0          4
   8.0000000000000000     
 OBS           51
   19.165417925389626     
   23.764873166082076     
   0.0000000000000000     
          50          52          -1
obdef
loc1d
   0.6666666666666666
kind
          -3
     0          4
   8.0000000000000000     
 OBS           52
   4.0856770210192295E-002
   2.0238997256097311     
   0.0000000000000000     
          51          53          -1
obdef
loc1d
   0.0000000000000000
kind
          -1
 21600          4
   8.0000000000000000     
 OBS           53
   4.7884458563831700     
   3.7836619464416490     
   0.0000000000000000     
          52          54          -1
obdef
loc1d
   0.3333333333333333
kind
          -2
 21600          4
   8.0000000000000000     
 OBS           54
   21.553853824742969     
   20.540954019708913     
   0.0000000000000000     
          53          55          -1
obdef
loc1d
   0.6666666666666666
kind
          -3
 21600          4
   8.0000000000000000     
 OBS           55
   1.0580313800108392     
   3.0546482976075007     
   0.0000000000000000     
          54          56          -1
obdef
loc1d
   0.0000000000000000
kind
          -1
 43200          4
   8.0000000000000000     
 OBS           56
   8.7776568833368032     
   4.8722262694344121     
   0.0000000000000000     
          55          57          -1
obdef
loc1d
   0.3333333333333333
kind
          -2
 43200          4
   8.0000000000000000     
 OBS           57
   20.248422925487390     
   18.113276336357679     
   0.0000000000000000     
          56          58          -1
obdef
loc1d
   0.6666666666666666
kind
          -3
 43200          4
   8.0000000000000000     
 OBS           58
   4.1628917063335473     
   4.3349424874955531     
   0.0000000000000000     
          57          59          -1
obdef
loc1d
   0.0000000000000000
kind
          -1
 64800          4
   8.0000000000000000     
 OBS           59
   4.2298424073522574     
   6.8876938703802075     
   0.0000000000000000     
          58          60          -1
obdef
loc1d
   0.3333333333333333
kind
          -2
 64800          4
   8.0000000000000000     
 OBS           60
   14.950184171632575     
   16.632997301558383     
   0.0000000000000000     
          59          61          -1
obdef
loc1d
   0.6666666666666666
kind
          -3
 64800          4
   8.0000000000000000     
 OBS           61
   7.5950928275160514     
   6.2146014604935154     
   0.0000000000000000     
          60          62          -1
obdef
loc1d
   0.0000000000000000
kind
          -1
     0          5
   8.0000000000000000     
 OBS           62
   13.422409478526674     
   9.9927067924763122     
   0.0000000000000000     
          61          63          -1
obdef
loc1d
   0.3333333333333333
kind
          -2
     0          5
   8.0000000000000000     
 OBS           63
   14.558253367740601     
   16.636950263741305     
   0.0000000000000000     
          62          64          -1
obdef
loc1d
   0.6666666666666666
kind
          -3
     0          5
   8.0000000000000000     
 OBS           64
   9.6940856345340549     
   8.8783576703916633     
   0.0000000000000000     
          63          65          -1
obdef
loc1d
   0.0000000000000000
kind
          -1
 21600          5
   8.0000000000000000     
 OBS           65
   12.041023537690632     
   13.891014642402691     
   0.0000000000000000     
          64          66          -1
obdef
loc1d
   0.3333333333333333
kind
          -2
 21600          5
   8.0000000000000000     
 OBS           66
   19.434646256393659     
   19.218865778846570     
   0.0000000000000000     
          65          67          -1
obdef
loc1d
   0.6666666666666666
kind
          -3
 21600          5
   8.0000000000000000     
 OBS           67
   11.406004602161584     
   11.932180915199199     
   0.0000000000000000     
          66          68          -1
obdef
loc1d
   0.0000000000000000
kind
          -1
 43200          5
   8.0000000000000000     
 OBS           68
   17.637917780736778     
   16.603426864314859     
   0.0000000000000000     
          67          69          -1
obdef
loc1d
   0.3333333333333333
kind
          -2
 43200          5
   8.0000000000000000     
 OBS           69
   29.110180839520865     
   25.438846933404715     
   0.0000000000000000     
          68          70          -1
obdef
loc1d
   0.6666666666666666
kind
          -3
 43200          5
   8.0000000000000000     
 OBS           70
   13.893281573760836     
   13.739479623608716     
   0.0000000000000000     
          69          71          -1
obdef
loc1d
   0.0000000000000000
kind
          -1
 64800          5
   8.0000000000000000     
 OBS           71
   13.836707303291787     
   14.417066069352504     
   0.0000000000000000     
          70          72          -1
obdef
loc1d
   0.3333333333333333
kind
          -2
 64800          5
   8.0000000000000000     
 OBS           72
   30.174040530582026     
   33.277604815786276     
   0.0000000000000000     
          71          73          -1
obdef
loc1d
   0.6666666666666666
kind
          -3
 64800          5
   8.0000000000000000     
 OBS           73
   7.4732131305837672     
   12.436392907246869     
   0.0000000000000000     
          72          74          -1
obdef
loc1d
   0.0000000000000000
kind
          -1
     0          6
   8.0000000000000000     
 OBS           74
   10.771451088036144     
   7.6946712984024472     
   0.0000000000000000     
          73          75          -1
obdef
loc1d
   0.3333333333333333
kind
          -2
     0          6
   8.0000000000000000     
 OBS           75
   38.503057260011126     
   36.635796916380500     
   0.0000000000000000     
          74          76          -1
obdef
loc1d
   0.6666666666666666
kind
          -3
     0          6
   8.0000000000000000     
 OBS           76
   11.739790833861834     
   8.8352885733669169     
   0.0000000000000000     
          75          77          -1
obdef
loc1d
   0.0000000000000000
kind
          -1
 21600          6
   8.0000000000000000     
 OBS           77
   1.4815645500388441     
   2.3986329716473254     
   0.0000000000000000     
          76          78          -1
obdef
loc1d
   0.3333333333333333
kind
          -2
 21600          6
   8.0000000000000000     
 OBS           78
   30.122316109441968     
   34.065188067415889     
   0.0000000000000000     
          77          79          -1
obdef
loc1d
   0.6666666666666666
kind
          -3
 21600          6
   8.0000000000000000     
 OBS           79
  0.66465205472295175     
   5.3829031930120665     
   0.0000000000000000     
          78          80          -1
obdef
loc1d
   0.0000000000000000
kind
          -1
 43200          6
   8.0000000000000000     
 OBS           80
  0.16094679686850077     
  0.62742724930554972     
   0.0000000000000000     
          79          81          -1
obdef
loc1d
   0.3333333333333333
kind
          -2
 43200          6
   8.0000000000000000     
 OBS           81
   29.507996426425475     
   29.537252600309188     
   0.0000000000000000     
          80          82          -1
obdef
loc1d
   0.6666666666666666
kind
          -3
 43200          6
   8.0000000000000000     
 OBS           82
   5.3754690797618174     
   3.2203664013222433     
   0.0000000000000000     
          81          83          -1
obdef
loc1d
   0.0000000000000000
kind
          -1
 64800          6
   8.0000000000000000     
 OBS           83
  -7.6869373637314387E-002
  0.70338957355191867     
   0.0000000000000000     
          82          84          -1
obdef
loc1d
   0.3333333333333333
kind
          -2
 64800          6
   8.0000000000000000     
 OBS           84
   27.020298916592989     
   25.302909975506761     
   0.0000000000000000     
          83          85          -1
obdef
loc1d
   0.6666666666666666
kind
          -3
 64800          6
   8.0000000000000000     
 OBS           85
   3.2688850378500538     
   2.2355346480605287     
   0.0000000000000000     
          84          86          -1
obdef
loc1d
   0.0000000000000000
kind
          -1
     0          7
   8.0000000000000000     
 OBS           86
   2.7318880055313723     
   1.3458709093786179     
   0.0000000000000000     
          85          87          -1
obdef
loc1d
   0.3333333333333333
kind
          -2
     0          7
   8.0000000000000000     
 OBS           87
   22.009512053742217     
   21.706196057002948     
   0.0000000000000000     
          86          88          -1
obdef
loc1d
   0.6666666666666666
kind
          -3
     0          7
   8.0000000000000000     
 OBS           88
  -6.0422161613807202E-002
   2.0422880681417981     
   0.0000000000000000     
          87          89          -1
obdef
loc1d
   0.0000000000000000
kind
          -1
 21600          7
   8.0000000000000000     
 OBS           89
  0.83389396594200371     
   2.2177721385427369     
   0.0000000000000000     
          88          90          -1
obdef
loc1d
   0.3333333333333333
kind
          -2
 21600          7
   8.0000000000000000     
 OBS           90
   17.221255293590286     
   18.700865554109619     
   0.0000000000000000     
          89          91          -1
obdef
loc1d
   0.6666666666666666
kind
          -3
 21600          7
   8.0000000000000000     
 OBS           91
   5.8551905270388716     
   2.4058939658721901     
   0.0000000000000000     
          90          92          -1
obdef
loc1d
   0.0000000000000000
kind
          -1
 43200          7
   8.0000000000000000     
 OBS           92
   9.5306701186438865     
   3.4366087215296934     
   0.0000000000000000     
          91          93          -1
obdef
loc1d
   0.3333333333333333
kind
          -2
 43200          7
   8.0000000000000000     
 OBS           93
   19.554728796249904     
   16.277681156822304     
   0.0000000000000000     
          92          94          -1
obdef
loc1d
   0.6666666666666666
kind
          -3
 43200          7
   8.0000000000000000     
 OBS           94
  0.95514651708686316     
   3.3041463699562099     
   0.0000000000000000     
          93          95          -1
obdef
loc1d
   0.0000000000000000
kind
          -1
 64800          7
   8.0000000000000000     
 OBS           95
   2.6123118444155478     
   5.3156990716063834     
   0.0000000000000000     
          94          96          -1
obdef
loc1d
   0.3333333333333333
kind
          -2
 64800          7
   8.0000000000000000     
 OBS           96
   11.590191124202999     
   14.554975567342577     
   0.0000000000000000     
          95          97          -1
obdef
loc1d
   0.6666666666666666
kind
          -3
 64800          7
   8.0000000000000000     
 OBS           97
   3.8020110359804242     
   4.8963057285450411     
   0.0000000000000000     
          96          98          -1
obdef
loc1d
   0.0000000000000000
kind
          -1
     0          8
   8.0000000000000000     
 OBS           98
   6.5125112900283462     
   8.2755484041760354     
   0.0000000000000000     
          97          99          -1
obdef
loc1d
   0.3333333333333333
kind
          -2
     0          8
   8.0000000000000000     
 OBS           99
   14.051417411373638     
   13.935930453162594     
   0.0000000000000000     
          98         100          -1
obdef
loc1d
   0.6666666666666666
kind
          -3
     0          8
   8.0000000000000000     
 OBS          100
   12.171264289552290     
   7.4420826704929013     
   0.0000000000000000     
          99         101          -1
obdef
loc1d
   0.0000000000000000
kind
          -1
 21600          8
   8.0000000000000000     
 OBS          101
   8.6488895732244764     
   12.582132384818932     
   0.0000000000000000     
         100         102          -1
obdef
loc1d
   0.3333333333333333
kind
          -2
 21600          8
   8.0000000000000000     
 OBS          102
   16.811007169168803     
   15.445819092488453     
   0.0000000000000000     
         101         103          -1
obdef
loc1d
   0.6666666666666666
kind
          -3
 21600          8
   8.0000000000000000     
 OBS          103
   13.895131143533368     
   10.955014522874910     
   0.0000000000000000     
         102         104          -1
obdef
loc1d
   0.0000000000000000
kind
          -1
 43200          8
   8.0000000000000000     
 OBS          104
   16.732892421202788     
   17.201255671639188     
   0.0000000000000000     
         103         105          -1
obdef
loc1d
   0.3333333333333333
kind
          -2
 43200          8
   8.0000000000000000     
 OBS          105
   20.784513625820633     
   20.911195290993387     
   0.0000000000000000     
         104         106          -1
obdef
loc1d
   0.6666666666666666
kind
          -3
 43200          8
   8.0000000000000000     
 OBS          106
   14.884955830393009     
   14.201362471673960     
   0.0000000000000000     
         105         107          -1
obdef
loc1d
   0.0000000000000000
kind
          -1
 64800          8
   8.0000000000000000     
 OBS          107
   13.304141928107647     
   17.801446982592516     
   0.0000000000000000     
         106         108          -1
obdef
loc1d
   0.3333333333333333
kind
          -2
 64800          8
   8.0000000000000000     
 OBS          108
   31.388965377685871     
   30.660792534328255     
   0.0000000000000000     
         107         109          -1
obdef
loc1d
   0.6666666666666666
kind
          -3
 64800          8
   8.0000000000000000     
 OBS          109
   11.321617043214070     
   14.308695274931626     
   0.0000000000000000     
         108         110          -1
obdef
loc1d
   0.0000000000000000
kind
          -1
     0          9
   8.0000000000000000     
 OBS          110
   10.892029816361989     
   10.740858848682944     
   0.0000000000000000     
         109         111          -1
obdef
loc1d
   0.3333333333333333
kind
          -2
     0          9
   8.0000000000000000     
 OBS          111
   34.132146909832244     
   38.077531416504328     
   0.0000000000000000     
         110         112          -1
obdef
loc1d
   0.6666666666666666
kind
          -3
     0          9
   8.0000000000000000     
 OBS          112
   6.7177805776296591     
   10.526558299752018     
   0.0000000000000000     
         111         113          -1
obdef
loc1d
   0.0000000000000000
kind
          -1
 21600          9
   8.0000000000000000     
 OBS          113
   6.3890605891705325     
   2.6047926626930278     
   0.0000000000000000     
         112         114          -1
obdef
loc1d
   0.3333333333333333
kind
          -2
 21600          9
   8.0000000000000000     
 OBS          114
   40.000473802735662     
   36.955603394189396     
   0.0000000000000000     
         113         115          -1
obdef
loc1d
   0.6666666666666666
kind
          -3
 21600          9
   8.0000000000000000     
 OBS          115
   7.3059406049829381     
   5.9501619600102877     
   0.0000000000000000     
         114         116          -1
obdef
loc1d
   0.0000000000000000
kind
          -1
 43200          9
   8.0000000000000000     
 OBS          116
  0.99611326658758614     
 -0.72090784655612461     
   0.0000000000000000     
         115         117          -1
obdef
loc1d
   0.3333333333333333
kind
          -2
 43200          9
   8.0000000000000000     
 OBS          117
   34.162401054406509     
   31.788173493412835     
   0.0000000000000000     
         116         118          -1
obdef
loc1d
   0.6666666666666666
kind
          -3
 43200          9
   8.0000000000000000     
 OBS          118
   3.6864641399589804     
   2.8009683758315540     
   0.0000000000000000     
         117         119          -1
obdef
loc1d
   0.0000000000000000
kind
          -1
 64800          9
   8.0000000000000000     
 OBS          119
 -0.80786185844586822     
  -1.0570957176700566     
   0.0000000000000000     
         118         120          -1
obdef
loc1d
   0.3333333333333333
kind
          -2
 64800          9
   8.0000000000000000     
 OBS          120
   23.883971157803256     
   26.855061503258735     
   0.0000000000000000     
         119         121          -1
obdef
loc1d
   0.6666666666666666
kind
          -3
 64800          9
   8.0000000000000000     
 OBS          121
   1.6668646269782474     
   1.1527647924954381     
   0.0000000000000000     
         120         122          -1
obdef
loc1d
   0.0000000000000000
kind
          -1
     0         10
   8.0000000000000000     
 OBS          122
   4.0460412335536260     
 -0.67582044436456989     
   0.0000000000000000     
         121         123          -1
obdef
loc1d
   0.3333333333333333
kind
          -2
     0         10
   8.0000000000000000     
 OBS          123
   22.580215328651452     
   22.792424137310825     
   0.0000000000000000     
         122         124          -1
obdef
loc1d
   0.6666666666666666
kind
          -3
     0         10
   8.0000000000000000     
 OBS          124
   3.0452025862969574     
  0.41544929142846221     
   0.0000000000000000     
         123         125          -1
obdef
loc1d
   0.0000000000000000
kind
          -1
 21600         10
   8.0000000000000000     
 OBS          125
  0.91590198166075187     
 -0.35501981006990041     
   0.0000000000000000     
         124         126          -1
obdef
loc1d
   0.3333333333333333
kind
          -2
 21600         10
   8.0000000000000000     
 OBS          126
   15.066854119948683     
   19.401902503258821     
   0.0000000000000000     
         125         127          -1
obdef
loc1d
   0.6666666666666666
kind
          -3
 21600         10
   8.0000000000000000     
 OBS          127
  -4.0674675821246140     
  0.11300805636237428     
   0.0000000000000000     
         126         128          -1
obdef
loc1d
   0.0000000000000000
kind
          -1
 43200         10
   8.0000000000000000     
 OBS          128
  -8.1165732712784759     
 -0.19854548966278679     
   0.0000000000000000     
         127         129          -1
obdef
loc1d
   0.3333333333333333
kind
          -2
 43200         10
   8.0000000000000000     
 OBS          129
   16.544120952561382     
   16.529877738302226     
   0.0000000000000000     
         128         130          -1
obdef
loc1d
   0.6666666666666666
kind
          -3
 43200         10
   8.0000000000000000     
 OBS          130
   2.8305250337868286     
  -1.3871589359863079E-002
   0.0000000000000000     
         129         131          -1
obdef
loc1d
   0.0000000000000000
kind
          -1
 64800         10
   8.0000000000000000     
 OBS          131
   3.5663578011611889     
 -0.15872599521682240     
   0.0000000000000000     
         130         132          -1
obdef
loc1d
   0.3333333333333333
kind
          -2
 64800         10
   8.0000000000000000     
 OBS          132
   10.338866510344261     
   14.085711880855907     
   0.0000000000000000     
         131         133          -1
obdef
loc1d
   0.6666666666666666
kind
          -3
 64800         10
   8.0000000000000000     
 OBS          133
   2.2640036017678189     
  -8.5647576091691546E-002
   0.0000000000000000     
         132         134          -1
obdef
loc1d
   0.0000000000000000
kind
          -1
     0         11
   8.0000000000000000     
 OBS          134
  -1.1116500057722565     
 -0.19560140187226444     
   0.0000000000000000     
         133         135          -1
obdef
loc1d
   0.3333333333333333
kind
          -2
     0         11
   8.0000000000000000     
 OBS          135
   14.707568095580665     
   12.003797156177029     
   0.0000000000000000     
         134         136          -1
obdef
loc1d
   0.6666666666666666
kind
          -3
     0         11
   8.0000000000000000     
 OBS          136
 -0.54320438844604979     
 -0.15899647296991995     
   0.0000000000000000     
         135         137          -1
obdef
loc1d
   0.0000000000000000
kind
          -1
 21600         11
   8.0000000000000000     
 OBS          137
  -3.4499474659104887     
 -0.30394875392785498     
   0.0000000000000000     
         136         138          -1
obdef
loc1d
   0.3333333333333333
kind
          -2
 21600         11
   8.0000000000000000     
 OBS          138
   9.3843237867295812     
   10.230842801878550     
   0.0000000000000000     
         137         139          -1
obdef
loc1d
   0.6666666666666666
kind
          -3
 21600         11
   8.0000000000000000     
 OBS          139
 -0.58838051002540448     
 -0.27162589053966252     
   0.0000000000000000     
         138         140          -1
obdef
loc1d
   0.0000000000000000
kind
          -1
 43200         11
   8.0000000000000000     
 OBS          140
  -4.5683566697869065     
 -0.51482747238513793     
   0.0000000000000000     
         139         141          -1
obdef
loc1d
   0.3333333333333333
kind
          -2
 43200         11
   8.0000000000000000     
 OBS          141
   7.5804992723106235     
   8.7231382906625043     
   0.0000000000000000     
         140         142          -1
obdef
loc1d
   0.6666666666666666
kind
          -3
 43200         11
   8.0000000000000000     
 OBS          142
  -4.2710585324443535     
 -0.46905045021905056     
   0.0000000000000000     
         141         143          -1
obdef
loc1d
   0.0000000000000000
kind
          -1
 64800         11
   8.0000000000000000     
 OBS          143
  -3.3257609318997119     
 -0.90565489309476477     
   0.0000000000000000     
         142         144          -1
obdef
loc1d
   0.3333333333333333
kind
          -2
 64800         11
   8.0000000000000000     
 OBS          144
   12.365002233724605     
   7.4478664553419751     
   0.0000000000000000     
         143         145          -1
obdef
loc1d
   0.6666666666666666
kind
          -3
 64800         11
   8.0000000000000000     
 OBS          145
  -1.5548535602814479     
 -0.82862966689701900     
   0.0000000000000000     
         144         146          -1
obdef
loc1d
   0.0000000000000000
kind
          -1
     0         12
   8.0000000000000000     
 OBS          146
  -4.2610682765114536     
  -1.6311619389552456     
   0.0000000000000000     
         145         147          -1
obdef
loc1d
   0.3333333333333333
kind
          -2
     0         12
   8.0000000000000000     
 OBS          147
   5.9507377466656930     
   6.3916452677845728     
   0.0000000000000000     
         146         148          -1
obdef
loc1d
   0.6666666666666666
kind
          -3
     0         12
   8.0000000000000000     
 OBS          148
  -3.2228376900469931     
  -1.4944718517171867     
   0.0000000000000000     
         147         149          -1
obdef
loc1d
   0.0000000000000000
kind
          -1
 21600         12
   8.0000000000000000     
 OBS          149
  -8.1481802495471669     
  -2.9878767458000475     
   0.0000000000000000     
         148         150          -1
obdef
loc1d
   0.3333333333333333
kind
          -2
 21600         12
   8.0000000000000000     
 OBS          150
   1.9298330662506942     
   5.5928895735563309     
   0.0000000000000000     
         149         151          -1
obdef
loc1d
   0.6666666666666666
kind
          -3
 21600         12
   8.0000000000000000     
 OBS          151
  -3.5469090661375966     
  -2.7369847947039023     
   0.0000000000000000     
         150         152          -1
obdef
loc1d
   0.0000000000000000
kind
          -1
 43200         12
   8.0000000000000000     
 OBS          152
  -8.8178644716429666     
  -5.5245273263740078     
   0.0000000000000000     
         151         153          -1
obdef
loc1d
   0.3333333333333333
kind
          -2
 43200         12
   8.0000000000000000     
 OBS          153
   4.9633239869425108     
   5.2570025748532387     
   0.0000000000000000     
         152         154          -1
obdef
loc1d
   0.6666666666666666
kind
          -3
 43200         12
   8.0000000000000000     
 OBS          154
  -2.4083976202202999     
  -5.0384109834626010     
   0.0000000000000000     
         153         155          -1
obdef
loc1d
   0.0000000000000000
kind
          -1
 64800         12
   8.0000000000000000     
 OBS          155
  -9.3499145902026637     
  -10.136445125861945     
   0.0000000000000000     
         154         156          -1
obdef
loc1d
   0.3333333333333333
kind
          -2
 64800         12
   8.0000000000000000     
 OBS          156
   4.0588545803715608     
   6.1458663516397820     
   0.0000000000000000     
         155         157          -1
obdef
loc1d
   0.6666666666666666
kind
          -3
 64800         12
   8.0000000000000000     
 OBS          157
  -5.6723056635744964     
  -9.0758115548736420     
   0.0000000000000000     
         156         158          -1
obdef
loc1d
   0.0000000000000000
kind
          -1
     0         13
   8.0000000000000000     
 OBS          158
  -18.387916921602919     
  -17.521553130581864     
   0.0000000000000000     
         157         159          -1
obdef
loc1d
   0.3333333333333333
kind
          -2
     0         13
   8.0000000000000000     
 OBS          159
   7.3798216859747967     
   10.655036187198963     
   0.0000000000000000     
         158         160          -1
obdef
loc1d
   0.6666666666666666
kind
          -3
     0         13
   8.0000000000000000     
 OBS          160
  -15.643653456516869     
  -14.789597099673021     
   0.0000000000000000     
         159         161          -1
obdef
loc1d
   0.0000000000000000
kind
          -1
 21600         13
   8.0000000000000000     
 OBS          161
  -23.642824142751923     
  -24.268922350287831     
   0.0000000000000000     
         160         162          -1
obdef
loc1d
   0.3333333333333333
kind
          -2
 21600         13
   8.0000000000000000     
 OBS          162
   21.530632492234208     
   23.507099098060330     
   0.0000000000000000     
         161         163          -1
obdef
loc1d
   0.6666666666666666
kind
          -3
 21600         13
   8.0000000000000000     
 OBS          163
  -15.549730333852040     
  -18.169954945424504     
   0.0000000000000000     
         162         164          -1
obdef
loc1d
   0.0000000000000000
kind
          -1
 43200         13
   8.0000000000000000     
 OBS          164
  -17.137136887009046     
  -17.659296399131165     
   0.0000000000000000     
         163         165          -1
obdef
loc1d
   0.3333333333333333
kind
          -2
 43200         13
   8.0000000000000000     
 OBS          165
   34.178476704338181     
   41.260225527719079     
   0.0000000000000000     
         164         166          -1
obdef
loc1d
   0.6666666666666666
kind
          -3
 43200         13
   8.0000000000000000     
 OBS          166
  -10.011683712569836     
  -13.670271314294556     
   0.0000000000000000     
         165         167          -1
obdef
loc1d
   0.0000000000000000
kind
          -1
 64800         13
   8.0000000000000000     
 OBS          167
  -1.2203340797003166     
  -1.0451669296100630     
   0.0000000000000000     
         166         168          -1
obdef
loc1d
   0.3333333333333333
kind
          -2
 64800         13
   8.0000000000000000     
 OBS          168
   44.138643605726131     
   43.646614497226537     
   0.0000000000000000     
         167         169          -1
obdef
loc1d
   0.6666666666666666
kind
          -3
 64800         13
   8.0000000000000000     
 OBS          169
  -7.2570830688200019     
  -5.8218780133490764     
   0.0000000000000000     
         168         170          -1
obdef
loc1d
   0.0000000000000000
kind
          -1
     0         14
   8.0000000000000000     
 OBS          170
   6.9151581887451607     
   5.9237525764640981     
   0.0000000000000000     
         169         171          -1
obdef
loc1d
   0.3333333333333333
kind
          -2
     0         14
   8.0000000000000000     
 OBS          171
   38.206777925948174     
   35.606617448619659     
   0.0000000000000000     
         170         172          -1
obdef
loc1d
   0.6666666666666666
kind
          -3
     0         14
   8.0000000000000000     
 OBS          172
 -0.22861698255277657     
 -0.30440614431404878     
   0.0000000000000000     
         171         173          -1
obdef
loc1d
   0.0000000000000000
kind
          -1
 21600         14
   8.0000000000000000     
 OBS          173
   5.9204132224728276     
   6.4315659310593167     
   0.0000000000000000     
         172         174          -1
obdef
loc1d
   0.3333333333333333
kind
          -2
 21600         14
   8.0000000000000000     
 OBS          174
   30.504710919180397     
   29.389313286112049     
   0.0000000000000000     
         173         175          -1
obdef
loc1d
   0.6666666666666666
kind
          -3
 21600         14
   8.0000000000000000     
 OBS          175
   5.7526465161734510     
   2.6489981724963663     
   0.0000000000000000     
         174         176          -1
obdef
loc1d
   0.0000000000000000
kind
          -1
 43200         14
   8.0000000000000000     
 OBS          176
   7.5189493770418911     
   6.1718650553942496     
   0.0000000000000000     
         175         177          -1
obdef
loc1d
   0.3333333333333333
kind
          -2
 43200         14
   8.0000000000000000     
 OBS          177
   23.853493632936463     
   25.520588513362590     
   0.0000000000000000     
         176         178          -1
obdef
loc1d
   0.6666666666666666
kind
          -3
 43200         14
   8.0000000000000000     
 OBS          178
   5.8308634106456907     
   4.3158548333393920     
   0.0000000000000000     
         177         179          -1
obdef
loc1d
   0.0000000000000000
kind
          -1
 64800         14
   8.0000000000000000     
 OBS          179
   7.0350243668976651     
   6.6308565275652569     
   0.0000000000000000     
         178         180          -1
obdef
loc1d
   0.3333333333333333
kind
          -2
 64800         14
   8.0000000000000000     
 OBS          180
   19.208653188745007     
   23.003799900622326     
   0.0000000000000000     
         179         181          -1
obdef
loc1d
   0.6666666666666666
kind
          -3
 64800         14
   8.0000000000000000     
 OBS          181
   2.0276571405630373     
   5.6537653481810910     
   0.0000000000000000     
         180         182          -1
obdef
loc1d
   0.0000000000000000
kind
          -1
     0         15
   8.0000000000000000     
 OBS          182
   7.2943328218334260     
   7.9409276718397663     
   0.0000000000000000     
         181         183          -1
obdef
loc1d
   0.3333333333333333
kind
          -2
     0         15
   8.0000000000000000     
 OBS          183
   19.743210718733096     
   21.618569585541984     
   0.0000000000000000     
         182         184          -1
obdef
loc1d
   0.6666666666666666
kind
          -3
     0         15
   8.0000000000000000     
 OBS          184
   8.3049423669783593     
   7.1553566421078640     
   0.0000000000000000     
         183         185          -1
obdef
loc1d
   0.0000000000000000
kind
          -1
 21600         15
   8.0000000000000000     
 OBS          185
   7.9758306097311449     
   9.9073033589665691     
   0.0000000000000000     
         184         186          -1
obdef
loc1d
   0.3333333333333333
kind
          -2
 21600         15
   8.0000000000000000     
 OBS          186
   21.829279726958667     
   21.598575504848490     
   0.0000000000000000     
         185         187          -1
obdef
loc1d
   0.6666666666666666
kind
          -3
 21600         15
   8.0000000000000000     
 OBS          187
   16.733222816815019     
   8.9254562575517973     
   0.0000000000000000     
         186         188          -1
obdef
loc1d
   0.0000000000000000
kind
          -1
 43200         15
   8.0000000000000000     
 OBS          188
   11.461428302210170     
   11.977443950886901     
   0.0000000000000000     
         187         189          -1
obdef
loc1d
   0.3333333333333333
kind
          -2
 43200         15
   8.0000000000000000     
 OBS          189
   24.108118564818298     
   23.333229395103970     
   0.0000000000000000     
         188         190          -1
obdef
loc1d
   0.6666666666666666
kind
          -3
 43200         15
   8.0000000000000000     
 OBS          190
   8.8586684452211095     
   10.623691412446455     
   0.0000000000000000     
         189         191          -1
obdef
loc1d
   0.0000000000000000
kind
          -1
 64800         15
   8.0000000000000000     
 OBS          191
   7.6971141509236647     
   12.986797341740218     
   0.0000000000000000     
         190         192          -1
obdef
loc1d
   0.3333333333333333
kind
          -2
 64800         15
   8.0000000000000000     
 OBS          192
   20.771490932274535     
   26.791720628837133     
   0.0000000000000000     
         191         193          -1
obdef
loc1d
   0.6666666666666666
kind
          -3
 64800         15
   8.0000000000000000     
 OBS          193
   14.496784921203952     
   11.468540274843859     
   0.0000000000000000     
         192         194          -1
obdef
loc1d
   0.0000000000000000
kind
          -1
     0         16
   8.0000000000000000     
 OBS          194
   13.842162903052312     
   11.701461462655640     
   0.0000000000000000     
         193         195          -1
obdef
loc1d
   0.3333333333333333
kind
          -2
     0         16
   8.0000000000000000     
 OBS          195
   30.505971166944164     
   30.598037262056749     
   0.0000000000000000     
         194         196          -1
obdef
loc1d
   0.6666666666666666
kind
          -3
     0         16
   8.0000000000000000     
 OBS          196
   11.330045563598979     
   10.823234008999259     
   0.0000000000000000     
         195         197          -1
obdef
loc1d
   0.0000000000000000
kind
          -1
 21600         16
   8.0000000000000000     
 OBS          197
   8.7472886907906684     
   8.5459280376816906     
   0.0000000000000000     
         196         198          -1
obdef
loc1d
   0.3333333333333333
kind
          -2
 21600         16
   8.0000000000000000     
 OBS          198
   35.576602264546231     
   32.433868834082631     
   0.0000000000000000     
         197         199          -1
obdef
loc1d
   0.6666666666666666
kind
          -3
 21600         16
   8.0000000000000000     
 OBS          199
   12.193733081178657     
   9.0203986103375193     
   0.0000000000000000     
         198         200          -1
obdef
loc1d
   0.0000000000000000
kind
          -1
 43200         16
   8.0000000000000000     
 OBS          200
   5.3332954674368240     
   5.6184742062456845     
   0.0000000000000000     
         199         201          -1
obdef
loc1d
   0.3333333333333333
kind
          -2
 43200         16
   8.0000000000000000     
 OBS          201
   33.849176044145786     
   31.493370725244681     
   0.0000000000000000     
         200         202          -1
obdef
loc1d
   0.6666666666666666
kind
          -3
 43200         16
   8.0000000000000000     
 OBS          202
  0.84859195231402040     
   7.0718286758611857     
   0.0000000000000000     
         201         203          -1
obdef
loc1d
   0.0000000000000000
kind
          -1
 64800         16
   8.0000000000000000     
 OBS          203
   2.8268017460920318     
   4.2000566260218832     
   0.0000000000000000     
         202         204          -1
obdef
loc1d
   0.3333333333333333
kind
          -2
 64800         16
   8.0000000000000000     
 OBS          204
   33.841643976055806     
   28.954910010379272     
   0.0000000000000000     
         203         205          -1
obdef
loc1d
   0.6666666666666666
kind
          -3
 64800         16
   8.0000000000000000     
 OBS          205
   5.4425453867053681     
   5.7158989257501993     
   0.0000000000000000     
         204         206          -1
obdef
loc1d
   0.0000000000000000
kind
          -1
     0         17
   8.0000000000000000     
 OBS          206
   9.6009878887915008     
   4.1186269576181740     
   0.0000000000000000     
         205         207          -1
obdef
loc1d
   0.3333333333333333
kind
          -2
     0         17
   8.0000000000000000     
 OBS          207
   26.319835916438670     
   26.096091673034536     
   0.0000000000000000     
         206         208          -1
obdef
loc1d
   0.6666666666666666
kind
          -3
     0         17
   8.0000000000000000     
 OBS          208
   2.0700156460869854     
   5.1594935047980375     
   0.0000000000000000     
         207         209          -1
obdef
loc1d
   0.0000000000000000
kind
          -1
 21600         17
   8.0000000000000000     
 OBS          209
   8.2424211376651666     
   4.8807037079790732     
   0.0000000000000000     
         208         210          -1
obdef
loc1d
   0.3333333333333333
kind
          -2
 21600         17
   8.0000000000000000     
 OBS          210
   20.733150082025489     
   23.558795758675735     
   0.0000000000000000     
         209         211          -1
obdef
loc1d
   0.6666666666666666
kind
          -3
 21600         17
   8.0000000000000000     
 OBS          211
   1.9877989368561395     
   5.3524957117373404     
   0.0000000000000000     
         210         212          -1
obdef
loc1d
   0.0000000000000000
kind
          -1
 43200         17
   8.0000000000000000     
 OBS          212
   4.3247676601378542     
   6.2514618950809968     
   0.0000000000000000     
         211         213          -1
obdef
loc1d
   0.3333333333333333
kind
          -2
 43200         17
   8.0000000000000000     
 OBS          213
   23.510289264378219     
   21.671773452655444     
   0.0000000000000000     
         212         214          -1
obdef
loc1d
   0.6666666666666666
kind
          -3
 43200         17
   8.0000000000000000     
 OBS          214
   7.1025526400360111     
   6.2187845486450897     
   0.0000000000000000     
         213         215          -1
obdef
loc1d
   0.0000000000000000
kind
          -1
 64800         17
   8.0000000000000000     
 OBS          215
   8.1803905861828223     
   8.1917737292479291     
   0.0000000000000000     
         214         216          -1
obdef
loc1d
   0.3333333333333333
kind
          -2
 64800         17
   8.0000000000000000     
 OBS          216
   26.985598903227146     
   20.767724025629988     
   0.0000000000000000     
         215         217          -1
obdef
loc1d
   0.6666666666666666
kind
          -3
 64800         17
   8.0000000000000000     
 OBS          217
   5.5799031595888184     
   7.6904466965007661     
   0.0000000000000000     
         216         218          -1
obdef
loc1d
   0.0000000000000000
kind
          -1
     0         18
   8.0000000000000000     
 OBS          218
   11.729432131957001     
   10.571341735727673     
   0.0000000000000000     
         217         219          -1
obdef
loc1d
   0.3333333333333333
kind
          -2
     0         18
   8.0000000000000000     
 OBS          219
   24.160803704261479     
   21.321628784126709     
   0.0000000000000000     
         218         220          -1
obdef
loc1d
   0.6666666666666666
kind
          -3
     0         18
   8.0000000000000000     
 OBS          220
   6.4585419196951399     
   9.5609992344845782     
   0.0000000000000000     
         219         221          -1
obdef
loc1d
   0.0000000000000000
kind
          -1
 21600         18
   8.0000000000000000     
 OBS          221
   13.484603358505007     
   12.741517065452447     
   0.0000000000000000     
         220         222          -1
obdef
loc1d
   0.3333333333333333
kind
          -2
 21600         18
   8.0000000000000000     
 OBS          222
   24.250720957546353     
   23.818100573975549     
   0.0000000000000000     
         221         223          -1
obdef
loc1d
   0.6666666666666666
kind
          -3
 21600         18
   8.0000000000000000     
 OBS          223
   12.863626856918703     
   11.226103875451395     
   0.0000000000000000     
         222         224          -1
obdef
loc1d
   0.0000000000000000
kind
          -1
 43200         18
   8.0000000000000000     
 OBS          224
   10.820322445351827     
   13.281950914120621     
   0.0000000000000000     
         223         225          -1
obdef
loc1d
   0.3333333333333333
kind
          -2
 43200         18
   8.0000000000000000     
 OBS          225
   26.746343784383019     
   27.988265020402242     
   0.0000000000000000     
         224         226          -1
obdef
loc1d
   0.6666666666666666
kind
          -3
 43200         18
   8.0000000000000000     
 OBS          226
   11.809264945730041     
   11.709966371603752     
   0.0000000000000000     
         225         227          -1
obdef
loc1d
   0.0000000000000000
kind
          -1
 64800         18
   8.0000000000000000     
 OBS          227
   11.209897972133820     
   11.089588469632023     
   0.0000000000000000     
         226         228          -1
obdef
loc1d
   0.3333333333333333
kind
          -2
 64800         18
   8.0000000000000000     
 OBS          228
   33.690618475989773     
   31.823590649939213     
   0.0000000000000000     
         227         229          -1
obdef
loc1d
   0.6666666666666666
kind
          -3
 64800         18
   8.0000000000000000     
 OBS          229
   14.292330505155222     
   10.518577776130384     
   0.0000000000000000     
         228         230          -1
obdef
loc1d
   0.0000000000000000
kind
          -1
     0         19
   8.0000000000000000     
 OBS          230
   8.8207957630202678     
   7.4057983037897266     
   0.0000000000000000     
         229         231          -1
obdef
loc1d
   0.3333333333333333
kind
          -2
     0         19
   8.0000000000000000     
 OBS          231
   34.760649002392640     
   32.875708469772917     
   0.0000000000000000     
         230         232          -1
obdef
loc1d
   0.6666666666666666
kind
          -3
     0         19
   8.0000000000000000     
 OBS          232
   6.8396103783485636     
   8.3643768984728695     
   0.0000000000000000     
         231         233          -1
obdef
loc1d
   0.0000000000000000
kind
          -1
 21600         19
   8.0000000000000000     
 OBS          233
   4.7108053723053738     
   4.6615260912788905     
   0.0000000000000000     
         232         234          -1
obdef
loc1d
   0.3333333333333333
kind
          -2
 21600         19
   8.0000000000000000     
 OBS          234
   33.823197879934582     
   31.103476559417381     
   0.0000000000000000     
         233         235          -1
obdef
loc1d
   0.6666666666666666
kind
          -3
 21600         19
   8.0000000000000000     
 OBS          235
   4.3101859721804150     
   6.3846154218570721     
   0.0000000000000000     
         234         236          -1
obdef
loc1d
   0.0000000000000000
kind
          -1
 43200         19
   8.0000000000000000     
 OBS          236
   2.5831874737999714     
   3.6598121805866146     
   0.0000000000000000     
         235         237          -1
obdef
loc1d
   0.3333333333333333
kind
          -2
 43200         19
   8.0000000000000000     
 OBS          237
   26.357871881988025     
   28.135663586347903     
   0.0000000000000000     
         236         238          -1
obdef
loc1d
   0.6666666666666666
kind
          -3
 43200         19
   8.0000000000000000     
 OBS          238
   3.1206120357492537     
   5.1789316122812341     
   0.0000000000000000     
         237         239          -1
obdef
loc1d
   0.0000000000000000
kind
          -1
 64800         19
   8.0000000000000000     
 OBS          239
   4.8433472786243437     
   3.8936586508167821     
   0.0000000000000000     
         238         240          -1
obdef
loc1d
   0.3333333333333333
kind
          -2
 64800         19
   8.0000000000000000     
 OBS          240
   30.407740039751548     
   25.141283863760993     
   0.0000000000000000     
         239         241          -1
obdef
loc1d
   0.6666666666666666
kind
          -3
 64800         19
   8.0000000000000000     
 OBS          241
   8.6147231941638882     
   4.8176246926645323     
   0.0000000000000000     
         240         242          -1
obdef
loc1d
   0.0000000000000000
kind
          -1
     0         20
   8.0000000000000000     
 OBS          242
   3.3285219142191966     
   4.8646858484777917     
   0.0000000000000000     
         241         243          -1
obdef
loc1d
   0.3333333333333333
kind
          -2
     0         20
   8.0000000000000000     
 OBS          243
   26.916550515216155     
   22.607048822236791     
   0.0000000000000000     
         242         244          -1
obdef
loc1d
   0.6666666666666666
kind
          -3
     0         20
   8.0000000000000000     
 OBS          244
   4.0578545267700994     
   5.2036514020292852     
   0.0000000000000000     
         243         245          -1
obdef
loc1d
   0.0000000000000000
kind
          -1
 21600         20
   8.0000000000000000     
 OBS          245
   6.6196111460106506     
   6.4239468361770911     
   0.0000000000000000     
         244         246          -1
obdef
loc1d
   0.3333333333333333
kind
          -2
 21600         20
   8.0000000000000000     
 OBS          246
   24.632159652001381     
   20.809787250827263     
   0.0000000000000000     
         245         247          -1
obdef
loc1d
   0.6666666666666666
kind
          -3
 21600         20
   8.0000000000000000     
 OBS          247
   3.9688095481473549     
   6.2691199974579757     
   0.0000000000000000     
         246         248          -1
obdef
loc1d
   0.0000000000000000
kind
          -1
 43200         20
   8.0000000000000000     
 OBS          248
   10.972250496981788     
   8.5899928862592816     
   0.0000000000000000     
         247         249          -1
obdef
loc1d
   0.3333333333333333
kind
          -2
 43200         20
   8.0000000000000000     
 OBS          249
   14.202696371228061     
   20.106905647623122     
   0.0000000000000000     
         248         250          -1
obdef
loc1d
   0.6666666666666666
kind
          -3
 43200         20
   8.0000000000000000     
 OBS          250
   7.9610392632072537     
   7.9586190456815054     
   0.0000000000000000     
         249         251          -1
obdef
loc1d
   0.0000000000000000
kind
          -1
 64800         20
   8.0000000000000000     
 OBS          251
   12.031924390952534     
   11.207459762714985     
   0.0000000000000000     
         250         252          -1
obdef
loc1d
   0.3333333333333333
kind
          -2
 64800         20
   8.0000000000000000     
 OBS          252
   18.192442424601563     
   21.053024140784153     
   0.0000000000000000     
         251         253          -1
obdef
loc1d
   0.6666666666666666
kind
          -3
 64800         20
   8.0000000000000000     
 OBS          253
   10.274591552100908     
   10.023000027089653     
   0.0000000000000000     
         252         254          -1
obdef
loc1d
   0.0000000000000000
kind
          -1
     0         21
   8.0000000000000000     
 OBS          254
   10.076365642413080     
   13.435232687850208     
   0.0000000000000000     
         253         255          -1
obdef
loc1d
   0.3333333333333333
kind
          -2
     0         21
   8.0000000000000000     
 OBS          255
   21.637795378335074     
   24.183847979068076     
   0.0000000000000000     
         254         256          -1
obdef
loc1d
   0.6666666666666666
kind
          -3
     0         21
   8.0000000000000000     
 OBS          256
   10.313045299859001     
   11.707192246603022     
   0.0000000000000000     
         255         257          -1
obdef
loc1d
   0.0000000000000000
kind
          -1
 21600         21
   8.0000000000000000     
 OBS          257
   13.304990577311305     
   13.540521456641722     
   0.0000000000000000     
         256         258          -1
obdef
loc1d
   0.3333333333333333
kind
          -2
 21600         21
   8.0000000000000000     
 OBS          258
   38.025452179975083     
   28.977559287606880     
   0.0000000000000000     
         257         259          -1
obdef
loc1d
   0.6666666666666666
kind
          -3
 21600         21
   8.0000000000000000     
 OBS          259
   9.7683698127321801     
   11.893009062552142     
   0.0000000000000000     
         258         260          -1
obdef
loc1d
   0.0000000000000000
kind
          -1
 43200         21
   8.0000000000000000     
 OBS          260
   11.122655894638898     
   10.553203784024905     
   0.0000000000000000     
         259         261          -1
obdef
loc1d
   0.3333333333333333
kind
          -2
 43200         21
   8.0000000000000000     
 OBS          261
   34.728541914156246     
   32.814063752388947     
   0.0000000000000000     
         260         262          -1
obdef
loc1d
   0.6666666666666666
kind
          -3
 43200         21
   8.0000000000000000     
 OBS          262
   9.1097081330422611     
   10.249594278915337     
   0.0000000000000000     
         261         263          -1
obdef
loc1d
   0.0000000000000000
kind
          -1
 64800         21
   8.0000000000000000     
 OBS          263
   7.0207564916065648     
   6.4626912196636548     
   0.0000000000000000     
         262         264          -1
obdef
loc1d
   0.3333333333333333
kind
          -2
 64800         21
   8.0000000000000000     
 OBS          264
   34.854170521343207     
   33.206216918304534     
   0.0000000000000000     
         263         265          -1
obdef
loc1d
   0.6666666666666666
kind
          -3
 64800         21
   8.0000000000000000     
 OBS          265
   11.452013566507935     
   7.8168772655012839     
   0.0000000000000000     
         264         266          -1
obdef
loc1d
   0.0000000000000000
kind
          -1
     0         22
   8.0000000000000000     
 OBS          266
   3.3310676512515558     
   3.8760818033712923     
   0.0000000000000000     
         265         267          -1
obdef
loc1d
   0.3333333333333333
kind
          -2
     0         22
   8.0000000000000000     
 OBS          267
   35.870798836661869     
   30.799483140567141     
   0.0000000000000000     
         266         268          -1
obdef
loc1d
   0.6666666666666666
kind
          -3
     0         22
   8.0000000000000000     
 OBS          268
   9.6250871220892638     
   5.8040009847143672     
   0.0000000000000000     
         267         269          -1
obdef
loc1d
   0.0000000000000000
kind
          -1
 21600         22
   8.0000000000000000     
 OBS          269
 -0.85566315215434052     
   3.1644029208046245     
   0.0000000000000000     
         268         270          -1
obdef
loc1d
   0.3333333333333333
kind
          -2
 21600         22
   8.0000000000000000     
 OBS          270
   23.781700527008081     
   27.509326979903722     
   0.0000000000000000     
         269         271          -1
obdef
loc1d
   0.6666666666666666
kind
          -3
 21600         22
   8.0000000000000000     
 OBS          271
   3.7621623320140589     
   4.6898571008685028     
   0.0000000000000000     
         270         272          -1
obdef
loc1d
   0.0000000000000000
kind
          -1
 43200         22
   8.0000000000000000     
 OBS          272
   3.0943842360060048     
   3.5946135201082807     
   0.0000000000000000     
         271         273          -1
obdef
loc1d
   0.3333333333333333
kind
          -2
 43200         22
   8.0000000000000000     
 OBS          273
   25.303003788378213     
   24.386161142200748     
   0.0000000000000000     
         272         274          -1
obdef
loc1d
   0.6666666666666666
kind
          -3
 43200         22
   8.0000000000000000     
 OBS          274
   7.7571231182144054     
   4.4454919767006924     
   0.0000000000000000     
         273         275          -1
obdef
loc1d
   0.0000000000000000
kind
          -1
 64800         22
   8.0000000000000000     
 OBS          275
   4.7211394984329038     
   4.6849211134277775     
   0.0000000000000000     
         274         276          -1
obdef
loc1d
   0.3333333333333333
kind
          -2
 64800         22
   8.0000000000000000     
 OBS          276
   21.376031201140545     
   21.802460063754484     
   0.0000000000000000     
         275         277          -1
obdef
loc1d
   0.6666666666666666
kind
          -3
 64800         22
   8.0000000000000000     
 OBS          277
   3.2392732773068174     
   4.9454365624145531     
   0.0000000000000000     
         276         278          -1
obdef
loc1d
   0.0000000000000000
kind
          -1
     0         23
   8.0000000000000000     
 OBS          278
   5.3663605571879369     
   6.3583023906658287     
   0.0000000000000000     
         277         279          -1
obdef
loc1d
   0.3333333333333333
kind
          -2
     0         23
   8.0000000000000000     
 OBS          279
   19.162784177559075     
   19.995884923556687     
   0.0000000000000000     
         278         280          -1
obdef
loc1d
   0.6666666666666666
kind
          -3
     0         23
   8.0000000000000000     
 OBS          280
   8.2768318800907643     
   6.1370803494051120     
   0.0000000000000000     
         279         281          -1
obdef
loc1d
   0.0000000000000000
kind
          -1
 21600         23
   8.0000000000000000     
 OBS          281
   7.1443292849417048     
   8.6954393149588025     
   0.0000000000000000     
         280         282          -1
obdef
loc1d
   0.3333333333333333
kind
          -2
 21600         23
   8.0000000000000000     
 OBS          282
   16.686022211872590     
   19.339079516348455     
   0.0000000000000000     
         281         283          -1
obdef
loc1d
   0.6666666666666666
kind
          -3
 21600         23
   8.0000000000000000     
 OBS          283
   10.160423752616820     
   7.9938528774523654     
   0.0000000000000000     
         282         284          -1
obdef
loc1d
   0.0000000000000000
kind
          -1
 43200         23
   8.0000000000000000     
 OBS          284
   7.2127242631582202     
   11.565114808224479     
   0.0000000000000000     
         283         285          -1
obdef
loc1d
   0.3333333333333333
kind
          -2
 43200         23
   8.0000000000000000     
 OBS          285
   26.395677388131755     
   20.464817297461771     
   0.0000000000000000     
         284         286          -1
obdef
loc1d
   0.6666666666666666
kind
          -3
 43200         23
   8.0000000000000000     
 OBS          286
   10.066983601178691     
   10.265936124753722     
   0.0000000000000000     
         285         287          -1
obdef
loc1d
   0.0000000000000000
kind
          -1
 64800         23
   8.0000000000000000     
 OBS          287
   18.465760934541731     
   14.018131800035349     
   0.0000000000000000     
         286         288          -1
obdef
loc1d
   0.3333333333333333
kind
          -2
 64800         23
   8.0000000000000000     
 OBS          288
   20.345844984439321     
   24.031891306887488     
   0.0000000000000000     
         287         289          -1
obdef
loc1d
   0.6666666666666666
kind
          -3
 64800         23
   8.0000000000000000     
 OBS          289
   11.970547302246544     
   12.093177519249194     
   0.0000000000000000     
         288         290          -1
obdef
loc1d
   0.0000000000000000
kind
          -1
     0         24
   8.0000000000000000     
 OBS          290
   16.283053762514150     
   13.999292719129315     
   0.0000000000000000     
         289         291          -1
obdef
loc1d
   0.3333333333333333
kind
          -2
     0         24
   8.0000000000000000     
 OBS          291
   23.341235896885387     
   29.453391962503950     
   0.0000000000000000     
         290         292          -1
obdef
loc1d
   0.6666666666666666
kind
          -3
     0         24
   8.0000000000000000     
 OBS          292
   11.633876410607201     
   12.177093388986624     
   0.0000000000000000     
         291         293          -1
obdef
loc1d
   0.0000000000000000
kind
          -1
 21600         24
   8.0000000000000000     
 OBS          293
   10.050143245182330     
   10.430946227022805     
   0.0000000000000000     
         292         294          -1
obdef
loc1d
   0.3333333333333333
kind
          -2
 21600         24
   8.0000000000000000     
 OBS          294
   30.686415356745435     
   33.589952915208428     
   0.0000000000000000     
         293         295          -1
obdef
loc1d
   0.6666666666666666
kind
          -3
 21600         24
   8.0000000000000000     
 OBS          295
   9.2967747280469890     
   10.216038644841554     
   0.0000000000000000     
         294         296          -1
obdef
loc1d
   0.0000000000000000
kind
          -1
 43200         24
   8.0000000000000000     
 OBS          296
   1.6456483267944160     
   5.8657726733990341     
   0.0000000000000000     
         295         297          -1
obdef
loc1d
   0.3333333333333333
kind
          -2
 43200         24
   8.0000000000000000     
 OBS          297
   35.100128240302219     
   33.686441956697109     
   0.0000000000000000     
         296         298          -1
obdef
loc1d
   0.6666666666666666
kind
          -3
 43200         24
   8.0000000000000000     
 OBS          298
   3.8699209306613267     
   7.5022055335143234     
   0.0000000000000000     
         297         299          -1
obdef
loc1d
   0.0000000000000000
kind
          -1
 64800         24
   8.0000000000000000     
 OBS          299
   6.1665080870798050     
   3.2206261569933359     
   0.0000000000000000     
         298         300          -1
obdef
loc1d
   0.3333333333333333
kind
          -2
 64800         24
   8.0000000000000000     
 OBS          300
   33.747680714902756     
   30.840383261999889     
   0.0000000000000000     
         299          -1          -1
obdef
loc1d
   0.6666666666666666
kind
          -3
 64800         24
   8.0000000000000000     
